2026-08-08 21:39:57,587 - root - INFO - {'id_epochs': 0, 'save_id_epochs': 1, 'id_batch_size': 4, 'id_model_path': None, 'id_lr': 0.001, 'alt_style': 'rec_first', 'test_epoch_id': 1, 'rounds': 1, 'tasks': 'sequential', 'prompt_file': '../prompt.txt', 'valid_prompt': 'seen:0', 'valid_prompt_sample': 1, 'valid_sample_num': '1', 'test_prompt': 'seen:0', 'sample_prompt': 1, 'sample_num': '1', 'batch_size': 32, 'eval_batch_size': 1, 'dist_sampler': 0, 'seed': 2023, 'model_name': 'model.pt', 'log_dir': '/mnt/18T/jiangtangyunzhi/projects/recomm/artifacts/phase13/explore/v0_beauty/gram_logs', 'distributed': 0, 'gpu': '0', 'master_addr': 'localhost', 'master_port': '12345', 'logging_level': 20, 'resource_metrics': 1, 'rec_epochs': 30, 'save_rec_epochs': 5, 'rec_batch_size': 16, 'rec_model_path': None, 'rec_lr': 0.001, 'test_epoch_rec': 5, 'data_path': '../rec_datasets', 'datasets': 'Beauty_cold50', 'max_his': 20, 'his_sep': ' ; ', 'skip_empty_his': 1, 'reverse_history': 1, 'valid_by_test': 0, 'test_by_valid': 0, 'debug_train_100': 0, 'debug_test_100': 0, 'debug_test_on_train': 0, 'verbose_input_output': 0, 'save_predictions': 1, 'prediction_dir': '/mnt/18T/jiangtangyunzhi/projects/recomm/artifacts/phase13/explore/v0_beauty/predictions', 'debug_test_small_set': 0, 'item_id_path': '', 'user_id_without_target_item': 1, 'clip': 1, 'warmup_prop': 0.05, 'gradient_accumulation_steps': 8, 'weight_decay': 0.01, 'adam_eps': 1e-06, 'train': 1, 'backbone': 't5-small', 'metrics': 'hit@1,hit@3,hit@5,hit@10,hit@20,hit@50,ndcg@1,ndcg@3,ndcg@5,ndcg@10,ndcg@20,ndcg@50', 'beam_size': 50, 'length_penalty': 1.0, 'use_position_embedding': 1, 'item_prompt': 'all_text', 'cf_model': 'sasrec', 'top_k_similar_item': 10, 'item_prompt_max_len': 128, 'target_max_len': 32, 'hierarchical_id_type': 'hierarchy_v1_c128_l7_len32768_split', 'item_id_type': 'split', 'id_linking': 1, 'cf0_arm': 'A', 'cf0_phase9': 0, 'cf0_num_layers': 2, 'cf0_num_heads': 4, 'cf0_dropout': 0.1, 'cf0_loss_weight': 0.1, 'cf0_lr': 0.001, 'cf0_injection_scale': 0.1, 'cf0_joint_score_weight': 0.25, 'cf0_pretrain_epochs': 1, 'cf0_unfreeze_top_layers': 2, 'hi_gram_enabled': 0, 'hi_gram_local_window': 5, 'hi_gram_local_layers': 2, 'hi_gram_global_layers': 2, 'hi_gram_num_heads': 4, 'hi_gram_dropout': 0.1, 'hi_gram_fusion_scale_init': 0.1, 'hi_gram_include_user_prompt': 0, 'log_name': '0_1_1_20_12345_Beauty_cold50_sequential_t5-small_32_1_prompt', 'full_log_dir': '/mnt/18T/jiangtangyunzhi/projects/recomm/artifacts/phase13/explore/v0_beauty/gram_logs/Beauty_cold50/0_20260808_2139', 'model_path': '/mnt/18T/jiangtangyunzhi/projects/recomm/artifacts/phase13/explore/v0_beauty/gram_logs/Beauty_cold50/0_20260808_2139/id_0_rec_30', 'rank': 0}
2026-08-08 21:39:57,641 - root - INFO - Use t5-small backbone model
2026-08-08 21:40:09,390 - root - INFO - Generating data for Beauty_cold50 dataset
2026-08-08 21:40:09,391 - root - INFO - Reindex data with generative indexing method
2026-08-08 21:40:09,573 - root - INFO - loading training data
2026-08-08 21:40:10,061 - root - INFO - Generating data for Beauty_cold50 dataset
2026-08-08 21:40:10,062 - root - INFO - Reindex data with generative indexing method
2026-08-08 21:40:10,174 - root - INFO - loading training data
2026-08-08 21:40:10,735 - root - INFO - Building Optimizer and Scheduler
2026-08-08 21:40:10,735 - root - INFO - Batch per epoch id: 12363
2026-08-08 21:40:10,735 - root - INFO - Warmup proportion: 0.05
2026-08-08 21:40:10,735 - root - INFO - Total id generator steps: 0
2026-08-08 21:40:10,735 - root - INFO - Warm up id generator steps: 0
2026-08-08 21:40:10,736 - root - INFO - Batch per epoch rec: 3091
2026-08-08 21:40:10,736 - root - INFO - Warmup proportion: 0.05
2026-08-08 21:40:10,736 - root - INFO - Total rec generator steps: 11580
2026-08-08 21:40:10,736 - root - INFO - Warm up rec generator steps: 579
2026-08-08 21:40:10,739 - root - INFO - Building Optimizer AdamW
2026-08-08 21:40:11,336 - root - INFO - Start training
2026-08-08 21:40:11,338 - root - INFO - Training Recommender phase 1
2026-08-08 21:40:11,340 - root - INFO - Start training recommender for phase 1, epoch 1
2026-08-08 22:08:06,509 - root - INFO - The average training loss for rec phase 1 epoch 1 is 6.5072688487303045
2026-08-08 22:08:06,512 - root - INFO - Start training recommender for phase 1, epoch 2
2026-08-08 22:35:47,208 - root - INFO - The average training loss for rec phase 1 epoch 2 is 4.725513731709438
2026-08-08 22:35:47,210 - root - INFO - Start training recommender for phase 1, epoch 3
2026-08-08 23:03:36,671 - root - INFO - The average training loss for rec phase 1 epoch 3 is 3.4219592517814585
2026-08-08 23:03:36,673 - root - INFO - Start training recommender for phase 1, epoch 4
2026-08-08 23:27:41,028 - root - INFO - The average training loss for rec phase 1 epoch 4 is 2.7798999752416167
2026-08-08 23:27:41,030 - root - INFO - Start training recommender for phase 1, epoch 5
2026-08-08 23:55:13,091 - root - INFO - The average training loss for rec phase 1 epoch 5 is 2.3850501324471267
2026-08-08 23:55:14,147 - root - INFO - Save the current rec model to /mnt/18T/jiangtangyunzhi/projects/recomm/artifacts/phase13/explore/v0_beauty/gram_logs/Beauty_cold50/0_20260808_2139/id_0_rec_30/scheduler_rec_phase_1_epoch_5.pt
2026-08-08 23:55:14,379 - root - INFO - [validation] testing Beauty_cold50 dataset on sequential task
2026-08-09 02:10:50,608 - root - INFO - 
-------------------------------
2026-08-09 02:10:50,625 - root - INFO - [GT] lashesshop nice extensionlash stainlessator || [top-1] lashes pairs monster bundle false revamp 70 || [hits@10] 0.0
[GT] cream sakebrewed rigid foodachgre || [top-1] brushestool heads ecokibuka || [hits@10] 0.0
[GT] brushes2.5 baginchfold fibre86 || [top-1] ironington380 plates pearl wide inch || [hits@10] 0.0
[GT] peel glyco lunch offices heardnow obsession || [top-1] serumretiwatt expect 72 uneven popular || [hits@10] 0.0
[GT] brushesfuz icon marks tab crazy screen || [top-1] conditionerulph milknourishingductive irre106 || [hits@10] 0.0
[GT] wrinklelite finpm celllysispart || [top-1] ironington digital500 negatively static thirty || [hits@10] 0.0
[GT] brushes sponge regrethey picking puff comes || [top-1] ironingtonstudio inch digital curl pearl || [hits@10] 0.0
[GT] peel broadly solutionscarichacediluted0 || [top-1] darkoji venture avail prescribed soapvi || [hits@10] 0.0
[GT] lipstick doll lip aloneique baby978 || [top-1] darkabounbutwhiteninghak had || [hits@10] 0.0

2026-08-09 02:10:50,626 - root - INFO - validation hit@1: 0.01614265603003285
2026-08-09 02:10:50,626 - root - INFO - validation hit@3: 0.030689816987329893
2026-08-09 02:10:50,626 - root - INFO - validation hit@5: 0.040732050680431724
2026-08-09 02:10:50,626 - root - INFO - validation hit@10: 0.05574847489441577
2026-08-09 02:10:50,626 - root - INFO - validation hit@20: 0.07724073205068044
2026-08-09 02:10:50,626 - root - INFO - validation hit@50: 0.11722196152041295
2026-08-09 02:10:50,626 - root - INFO - validation ndcg@1: 0.01614265603003285
2026-08-09 02:10:50,626 - root - INFO - validation ndcg@3: 0.02444843728765857
2026-08-09 02:10:50,626 - root - INFO - validation ndcg@5: 0.02861298589686914
2026-08-09 02:10:50,626 - root - INFO - validation ndcg@10: 0.033385874839236905
2026-08-09 02:10:50,626 - root - INFO - validation ndcg@20: 0.03881460046874768
2026-08-09 02:10:50,626 - root - INFO - validation ndcg@50: 0.046699007167365844
2026-08-09 02:10:50,626 - root - INFO - Total inference time: 7863.65s for 10655 samples. Average: 0.7380s
2026-08-09 02:10:50,627 - root - INFO - >> preds saved to /mnt/18T/jiangtangyunzhi/projects/recomm/artifacts/phase13/explore/v0_beauty/predictions/20260808_235514_Beauty_cold50_sequential_pred_validation.tsv
2026-08-09 02:10:50,642 - root - INFO - Start training recommender for phase 1, epoch 6
2026-08-09 02:34:43,089 - root - INFO - The average training loss for rec phase 1 epoch 6 is 2.1140913890352238
2026-08-09 02:34:43,091 - root - INFO - Start training recommender for phase 1, epoch 7
2026-08-09 03:02:28,639 - root - INFO - The average training loss for rec phase 1 epoch 7 is 1.9131401337548435
2026-08-09 03:02:28,641 - root - INFO - Start training recommender for phase 1, epoch 8
2026-08-09 03:30:10,869 - root - INFO - The average training loss for rec phase 1 epoch 8 is 1.7551405224034644
2026-08-09 03:30:10,871 - root - INFO - Start training recommender for phase 1, epoch 9
2026-08-09 03:58:02,304 - root - INFO - The average training loss for rec phase 1 epoch 9 is 1.6301295124475654
2026-08-09 03:58:02,305 - root - INFO - Start training recommender for phase 1, epoch 10
2026-08-09 04:25:31,653 - root - INFO - The average training loss for rec phase 1 epoch 10 is 1.5272412234652566
2026-08-09 04:25:32,707 - root - INFO - Save the current rec model to /mnt/18T/jiangtangyunzhi/projects/recomm/artifacts/phase13/explore/v0_beauty/gram_logs/Beauty_cold50/0_20260808_2139/id_0_rec_30/scheduler_rec_phase_1_epoch_10.pt
2026-08-09 04:25:32,955 - root - INFO - [validation] testing Beauty_cold50 dataset on sequential task
2026-08-09 06:37:45,980 - root - INFO - 
-------------------------------
2026-08-09 06:37:45,980 - root - INFO - [GT] lashesshop nice extensionlash stainlessator || [top-1] wig model realitykindly personkankal1 || [hits@10] 0.0
[GT] cream sakebrewed rigid foodachgre || [top-1] shadowany sh department paletteshadow assembled || [hits@10] 0.0
[GT] brushes2.5 baginchfold fibre86 || [top-1] ironington380 plates pearl wide inch || [hits@10] 0.0
[GT] peel glyco lunch offices heardnow obsession || [top-1] serumretiwatt expect 72 uneven popular || [hits@10] 0.0
[GT] brushesfuz icon marks tab crazy screen || [top-1] cream roseled nightgenerative cycle prim || [hits@10] 0.0
[GT] wrinklelite finpm celllysispart || [top-1] darkritetreme obtain bright gel || [hits@10] 0.0
[GT] brushes sponge regrethey picking puff comes || [top-1] brushes303 synthetic point brushage selling || [hits@10] 0.0
[GT] peel broadly solutionscarichacediluted0 || [top-1] darkoji venture avail prescribed soapvi || [hits@10] 0.0
[GT] lipstick doll lip aloneique baby978 || [top-1] creamonym egg balporebud pollution || [hits@10] 0.0

2026-08-09 06:37:45,980 - root - INFO - validation hit@1: 0.018113561708118255
2026-08-09 06:37:45,980 - root - INFO - validation hit@3: 0.0332238385734397
2026-08-09 06:37:45,980 - root - INFO - validation hit@5: 0.04223369310183012
2026-08-09 06:37:45,980 - root - INFO - validation hit@10: 0.061379633974659786
2026-08-09 06:37:45,980 - root - INFO - validation hit@20: 0.08531206006569686
2026-08-09 06:37:45,980 - root - INFO - validation hit@50: 0.12576255279211637
2026-08-09 06:37:45,980 - root - INFO - validation ndcg@1: 0.018113561708118255
2026-08-09 06:37:45,980 - root - INFO - validation ndcg@3: 0.026664036606221297
2026-08-09 06:37:45,980 - root - INFO - validation ndcg@5: 0.030346946933277254
2026-08-09 06:37:45,980 - root - INFO - validation ndcg@10: 0.03651960522508487
2026-08-09 06:37:45,981 - root - INFO - validation ndcg@20: 0.04262445291246696
2026-08-09 06:37:45,981 - root - INFO - validation ndcg@50: 0.05062551487562126
2026-08-09 06:37:45,981 - root - INFO - Total inference time: 7665.21s for 10655 samples. Average: 0.7194s
2026-08-09 06:37:45,981 - root - INFO - >> preds saved to /mnt/18T/jiangtangyunzhi/projects/recomm/artifacts/phase13/explore/v0_beauty/predictions/20260809_042532_Beauty_cold50_sequential_pred_validation.tsv
2026-08-09 06:37:45,995 - root - INFO - Start training recommender for phase 1, epoch 11
2026-08-09 07:05:33,048 - root - INFO - The average training loss for rec phase 1 epoch 11 is 1.4381958610289165
2026-08-09 07:05:33,049 - root - INFO - Start training recommender for phase 1, epoch 12
2026-08-09 07:32:05,243 - root - INFO - The average training loss for rec phase 1 epoch 12 is 1.3671674592473402
2026-08-09 07:32:05,245 - root - INFO - Start training recommender for phase 1, epoch 13
2026-08-09 07:57:13,073 - root - INFO - The average training loss for rec phase 1 epoch 13 is 1.3070419458455818
2026-08-09 07:57:13,075 - root - INFO - Start training recommender for phase 1, epoch 14
2026-08-09 08:24:55,144 - root - INFO - The average training loss for rec phase 1 epoch 14 is 1.2511986168895581
2026-08-09 08:24:55,146 - root - INFO - Start training recommender for phase 1, epoch 15
2026-08-09 08:52:43,742 - root - INFO - The average training loss for rec phase 1 epoch 15 is 1.2082346425384514
2026-08-09 08:52:44,857 - root - INFO - Save the current rec model to /mnt/18T/jiangtangyunzhi/projects/recomm/artifacts/phase13/explore/v0_beauty/gram_logs/Beauty_cold50/0_20260808_2139/id_0_rec_30/scheduler_rec_phase_1_epoch_15.pt
2026-08-09 08:52:45,095 - root - INFO - [validation] testing Beauty_cold50 dataset on sequential task
2026-08-09 11:02:54,470 - root - INFO - 
-------------------------------
2026-08-09 11:02:54,471 - root - INFO - [GT] lashesshop nice extensionlash stainlessator || [top-1] wig model realitykindly personkankal1 || [hits@10] 0.0
[GT] cream sakebrewed rigid foodachgre || [top-1] lipstick mattefashion nunvelopglode || [hits@10] 0.0
[GT] brushes2.5 baginchfold fibre86 || [top-1] brusheshadierdeal large brush square || [hits@10] 0.0
[GT] peel glyco lunch offices heardnow obsession || [top-1] removehose townquotirri sometimes trace || [hits@10] 0.0
[GT] brushesfuz icon marks tab crazy screen || [top-1] cream roseled nightgenerative cycle prim || [hits@10] 0.0
[GT] wrinklelite finpm celllysispart || [top-1] darkritetreme obtain bright gel || [hits@10] 0.0
[GT] brushes sponge regrethey picking puff comes || [top-1] brushes303 synthetic point brushage selling || [hits@10] 0.0
[GT] peel broadly solutionscarichacediluted0 || [top-1] darkpion bleachprogressively strong scrub uneven || [hits@10] 0.0
[GT] lipstick doll lip aloneique baby978 || [top-1] creamabouronic acidkual || [hits@10] 0.0

2026-08-09 11:02:54,471 - root - INFO - validation hit@1: 0.018958235570154858
2026-08-09 11:02:54,471 - root - INFO - validation hit@3: 0.035194744251525106
2026-08-09 11:02:54,471 - root - INFO - validation hit@5: 0.045518535898639134
2026-08-09 11:02:54,471 - root - INFO - validation hit@10: 0.0667292351008916
2026-08-09 11:02:54,471 - root - INFO - validation hit@20: 0.09188174565931488
2026-08-09 11:02:54,471 - root - INFO - validation hit@50: 0.1310183012670108
2026-08-09 11:02:54,471 - root - INFO - validation ndcg@1: 0.018958235570154858
2026-08-09 11:02:54,471 - root - INFO - validation ndcg@3: 0.02818241931688702
2026-08-09 11:02:54,471 - root - INFO - validation ndcg@5: 0.03241887263413643
2026-08-09 11:02:54,471 - root - INFO - validation ndcg@10: 0.039187488702872746
2026-08-09 11:02:54,471 - root - INFO - validation ndcg@20: 0.04552730087106372
2026-08-09 11:02:54,472 - root - INFO - validation ndcg@50: 0.053272711714614965
2026-08-09 11:02:54,472 - root - INFO - Total inference time: 7543.29s for 10655 samples. Average: 0.7080s
2026-08-09 11:02:54,472 - root - INFO - >> preds saved to /mnt/18T/jiangtangyunzhi/projects/recomm/artifacts/phase13/explore/v0_beauty/predictions/20260809_085245_Beauty_cold50_sequential_pred_validation.tsv
2026-08-09 11:02:54,487 - root - INFO - Start training recommender for phase 1, epoch 16
2026-08-09 11:30:44,921 - root - INFO - The average training loss for rec phase 1 epoch 16 is 1.1677153977235775
2026-08-09 11:30:44,923 - root - INFO - Start training recommender for phase 1, epoch 17
2026-08-09 11:58:39,346 - root - INFO - The average training loss for rec phase 1 epoch 17 is 1.132364261481497
2026-08-09 11:58:39,348 - root - INFO - Start training recommender for phase 1, epoch 18
2026-08-09 12:26:38,246 - root - INFO - The average training loss for rec phase 1 epoch 18 is 1.1013304927128846
2026-08-09 12:26:38,248 - root - INFO - Start training recommender for phase 1, epoch 19
2026-08-09 12:51:22,803 - root - INFO - The average training loss for rec phase 1 epoch 19 is 1.0738066909425634
2026-08-09 12:51:22,805 - root - INFO - Start training recommender for phase 1, epoch 20
2026-08-09 13:18:17,287 - root - INFO - The average training loss for rec phase 1 epoch 20 is 1.0440417024708841
2026-08-09 13:18:18,355 - root - INFO - Save the current rec model to /mnt/18T/jiangtangyunzhi/projects/recomm/artifacts/phase13/explore/v0_beauty/gram_logs/Beauty_cold50/0_20260808_2139/id_0_rec_30/scheduler_rec_phase_1_epoch_20.pt
2026-08-09 13:18:18,853 - root - INFO - [validation] testing Beauty_cold50 dataset on sequential task
2026-08-09 15:36:28,138 - root - INFO - 
-------------------------------
2026-08-09 15:36:28,138 - root - INFO - [GT] lashesshop nice extensionlash stainlessator || [top-1] wig model realitykindly personkankal1 || [hits@10] 0.0
[GT] cream sakebrewed rigid foodachgre || [top-1] shadow smokesco winter silver mo palette || [hits@10] 0.0
[GT] brushes2.5 baginchfold fibre86 || [top-1] igmauffed flatsigmax forehead dense || [hits@10] 0.0
[GT] peel glyco lunch offices heardnow obsession || [top-1] serumretiwatt expect 72 uneven popular || [hits@10] 0.0
[GT] brushesfuz icon marks tab crazy screen || [top-1] cream roseled nightgenerative cycle prim || [hits@10] 0.0
[GT] wrinklelite finpm celllysispart || [top-1] darkritetreme obtain bright gel || [hits@10] 0.0
[GT] brushes sponge regrethey picking puff comes || [top-1] brushes303 synthetic point brushage selling || [hits@10] 0.0
[GT] peel broadly solutionscarichacediluted0 || [top-1] darkpion bleachprogressively strong scrub uneven || [hits@10] 0.0
[GT] lipstick doll lip aloneique baby978 || [top-1] creamabouronic acidkual || [hits@10] 0.0

2026-08-09 15:36:28,138 - root - INFO - validation hit@1: 0.017550445800093854
2026-08-09 15:36:28,138 - root - INFO - validation hit@3: 0.0329422806194275
2026-08-09 15:36:28,138 - root - INFO - validation hit@5: 0.044673862036602535
2026-08-09 15:36:28,138 - root - INFO - validation hit@10: 0.0650398873768184
2026-08-09 15:36:28,138 - root - INFO - validation hit@20: 0.09047395588925387
2026-08-09 15:36:28,138 - root - INFO - validation hit@50: 0.130830595964336
2026-08-09 15:36:28,138 - root - INFO - validation ndcg@1: 0.017550445800093854
2026-08-09 15:36:28,138 - root - INFO - validation ndcg@3: 0.02640144503385423
2026-08-09 15:36:28,138 - root - INFO - validation ndcg@5: 0.031186618750855592
2026-08-09 15:36:28,139 - root - INFO - validation ndcg@10: 0.03771217502952742
2026-08-09 15:36:28,139 - root - INFO - validation ndcg@20: 0.044160624187420366
2026-08-09 15:36:28,139 - root - INFO - validation ndcg@50: 0.05217910234673263
2026-08-09 15:36:28,139 - root - INFO - Total inference time: 8015.02s for 10655 samples. Average: 0.7522s
2026-08-09 15:36:28,139 - root - INFO - >> preds saved to /mnt/18T/jiangtangyunzhi/projects/recomm/artifacts/phase13/explore/v0_beauty/predictions/20260809_131818_Beauty_cold50_sequential_pred_validation.tsv
2026-08-09 15:36:28,154 - root - INFO - Start training recommender for phase 1, epoch 21
2026-08-09 16:00:06,125 - root - INFO - The average training loss for rec phase 1 epoch 21 is 1.022127807737167
2026-08-09 16:00:06,126 - root - INFO - Start training recommender for phase 1, epoch 22
2026-08-09 16:27:19,615 - root - INFO - The average training loss for rec phase 1 epoch 22 is 0.9996980497040798
2026-08-09 16:27:19,616 - root - INFO - Start training recommender for phase 1, epoch 23
2026-08-09 16:54:33,654 - root - INFO - The average training loss for rec phase 1 epoch 23 is 0.9839185601634572
2026-08-09 16:54:33,655 - root - INFO - Start training recommender for phase 1, epoch 24
2026-08-09 17:21:53,936 - root - INFO - The average training loss for rec phase 1 epoch 24 is 0.9660409177612581
2026-08-09 17:21:53,938 - root - INFO - Start training recommender for phase 1, epoch 25
2026-08-09 17:48:49,883 - root - INFO - The average training loss for rec phase 1 epoch 25 is 0.9507188184393777
2026-08-09 17:48:50,988 - root - INFO - Save the current rec model to /mnt/18T/jiangtangyunzhi/projects/recomm/artifacts/phase13/explore/v0_beauty/gram_logs/Beauty_cold50/0_20260808_2139/id_0_rec_30/scheduler_rec_phase_1_epoch_25.pt
2026-08-09 17:48:51,497 - root - INFO - [validation] testing Beauty_cold50 dataset on sequential task
