stopped codellama; its CUDA context and reserved memory were released
[2026-07-22T17:48:11+08:00] waiting for GPU3 release: free_mib=17352 check=1/24
/home/jiangtangyunzhi/miniconda3/envs/gram-repro/lib/python3.9/site-packages/huggingface_hub/file_download.py:949: FutureWarning: `resume_download` is deprecated and will be removed in version 1.0.0. Downloads always resume when possible. If you want to force a new download, use `force_download=True`.
  warnings.warn(
/home/jiangtangyunzhi/miniconda3/envs/gram-repro/lib/python3.9/site-packages/transformers/tokenization_utils_base.py:2339: FutureWarning: The `pad_to_max_length` argument is deprecated and will be removed in a future version, use `padding=True` or `padding='longest'` to pad to the longest sequence in the batch, or use `padding='max_length'` to pad to a max length. In this case, you can give a specific length with `max_length` (e.g. `max_length=45`) or leave max_length to None to pad to the maximal input size of the model (e.g. 512 for Bert).
  warnings.warn(
{
  "material_passport": {
    "origin_skill": "academic-research-suite/experiment-agent",
    "origin_mode": "run",
    "origin_date": "2026-07-22",
    "verification_status": "ANALYZED",
    "version_label": "hbtr_b1_smoke_v1",
    "design_status": "CORRECTNESS_ONLY_WEIGHTS_DISCARDED"
  },
  "dataset": "Toys",
  "status": "PASS",
  "samples_mined": 100,
  "valid_cache_rows": 12,
  "optimizer_steps": [
    {
      "sample_key": "A365XFHOGS95CK:B000YFSZU8:3",
      "token_ce": 1.4376541376113892,
      "ranking_loss": 1.4597437381744385,
      "total_loss": 1.583628535270691,
      "gradient_norm": 11.104141235351562,
      "margins": [
        0.10000000149011612,
        0.10000000149011612,
        0.10000000149011612,
        0.10000000149011612
      ]
    },
    {
      "sample_key": "A1ZZR25X0CNOJX:B000WWM6QM:20",
      "token_ce": 1.5000420808792114,
      "ranking_loss": 1.1795570850372314,
      "total_loss": 1.6179977655410767,
      "gradient_norm": 8.317109107971191,
      "margins": [
        0.1154150664806366,
        0.1154150664806366,
        0.1154150664806366,
        0.1154150664806366
      ]
    }
  ],
  "median_training_frequency": 6.0,
  "generation_audit": [
    {
      "sample_key": "A3N0O1DVF2731T:B00383JM3C:4",
      "positive_rank": null
    },
    {
      "sample_key": "A3CNL2EG5ARWL4:B00DPGV320:2",
      "positive_rank": 10
    },
    {
      "sample_key": "A232PE4B8ETAJO:B000W3XEQM:3",
      "positive_rank": null
    },
    {
      "sample_key": "A1V42PE0TY0WOD:B0095XOPF4:4",
      "positive_rank": null
    },
    {
      "sample_key": "AOHWZYAI2OESP:B003CT4X3Q:3",
      "positive_rank": null
    },
    {
      "sample_key": "A2U5IS60A0YZOV:B004DZ8WYE:6",
      "positive_rank": 7
    },
    {
      "sample_key": "A1J1ZD5C2PKFPV:B002NPBT50:8",
      "positive_rank": 3
    },
    {
      "sample_key": "A365XFHOGS95CK:B000YFSZU8:3",
      "positive_rank": 36
    },
    {
      "sample_key": "A1D01MGXB9TTDG:B001543YEY:6",
      "positive_rank": null
    },
    {
      "sample_key": "A3DX6K7PU4QQPU:B002RL7VNO:3",
      "positive_rank": 1
    },
    {
      "sample_key": "A2B9L1QW7U40HP:B0013OBXG2:2",
      "positive_rank": 7
    },
    {
      "sample_key": "A1ZZR25X0CNOJX:B000WWM6QM:20",
      "positive_rank": 49
    },
    {
      "sample_key": "A3Q31FES48PW9R:B004GY45CK:3",
      "positive_rank": 38
    },
    {
      "sample_key": "A1JAM10N2I0X4O:1616611626:2",
      "positive_rank": null
    },
    {
      "sample_key": "A1XFLE37PN20DX:B003T9W7RI:2",
      "positive_rank": 1
    },
    {
      "sample_key": "AR0F99NKGDEGF:B007BDDK5Q:5",
      "positive_rank": 2
    },
    {
      "sample_key": "A2C6PJK1LWKEIE:B0039S7NO6:3",
      "positive_rank": 1
    },
    {
      "sample_key": "AOVI5Y45L6B0J:B00804BEB2:6",
      "positive_rank": 1
    },
    {
      "sample_key": "A1YOQN53DWPSP8:B003ASHZUC:8",
      "positive_rank": 18
    },
    {
      "sample_key": "A18WVXXPZDDG6I:B0035FZWYG:2",
      "positive_rank": null
    },
    {
      "sample_key": "A3VLGMB2IV5DBR:B000KRW1KA:2",
      "positive_rank": null
    },
    {
      "sample_key": "AZMP1U4ZYC3F9:B004FEL5SI:14",
      "positive_rank": 7
    },
    {
      "sample_key": "A13WEKTB63G78Y:B00B2AYLYS:10",
      "positive_rank": null
    },
    {
      "sample_key": "AKYBGT4SJKW22:B002IXYSGO:7",
      "positive_rank": null
    },
    {
      "sample_key": "A3V17QB8SZLYIH:B0002F7KUG:3",
      "positive_rank": null
    },
    {
      "sample_key": "A1QEA2KUBH98DS:B0009K6KEG:2",
      "positive_rank": null
    },
    {
      "sample_key": "A2UFHTGDPTUJQ7:B003O85IF2:2",
      "positive_rank": null
    },
    {
      "sample_key": "A3A6PC9R9AMOMP:B000ELSZW0:3",
      "positive_rank": null
    },
    {
      "sample_key": "AFNOCITRY927Q:B0000D12WU:6",
      "positive_rank": 7
    },
    {
      "sample_key": "A67ZXSOC2XH4O:B00EZIXA78:8",
      "positive_rank": 2
    },
    {
      "sample_key": "A1J8V1JO2R4TMQ:B001UH50MU:2",
      "positive_rank": 2
    },
    {
      "sample_key": "A2535UAPNUUTAU:B0007WX0QC:2",
      "positive_rank": null
    },
    {
      "sample_key": "ASYZ7P6U75DO7:B00000J58X:2",
      "positive_rank": null
    },
    {
      "sample_key": "A9Y5S2BKV7SYV:B00061I4U6:3",
      "positive_rank": null
    },
    {
      "sample_key": "AQYYUN3T7B0WM:B00CI6J3HA:19",
      "positive_rank": 28
    },
    {
      "sample_key": "A19JGPUJAX048H:B00EVTF3OO:20",
      "positive_rank": 1
    },
    {
      "sample_key": "A1P6WMJ77UMBA7:B002G01EPC:11",
      "positive_rank": 1
    },
    {
      "sample_key": "A2OD23539QMZS5:B0006PKZBI:3",
      "positive_rank": 22
    },
    {
      "sample_key": "A34L89O3Q8UEC6:B000F9IZFS:14",
      "positive_rank": null
    },
    {
      "sample_key": "A1LHVH56FDDA7Y:B00AQURIPY:11",
      "positive_rank": 20
    },
    {
      "sample_key": "A1BF5030JMHQ7F:B002WBA1YA:2",
      "positive_rank": 42
    },
    {
      "sample_key": "A2QP5REBZWY1HR:B003D6BLW4:3",
      "positive_rank": null
    },
    {
      "sample_key": "A3UFGPESKWT023:B006OG75ES:4",
      "positive_rank": 1
    },
    {
      "sample_key": "A24F60FH23CSWL:1616611898:3",
      "positive_rank": 7
    },
    {
      "sample_key": "A1Y81Q4MB54PFQ:B001FP3WZO:4",
      "positive_rank": 4
    },
    {
      "sample_key": "A3PP8YYMEAAMHM:B0092BWWG8:6",
      "positive_rank": 3
    },
    {
      "sample_key": "A33NBW87C0HZCT:B0090FV7EY:3",
      "positive_rank": 1
    },
    {
      "sample_key": "ATPWCN923XJRM:B00CDGA6A8:5",
      "positive_rank": null
    },
    {
      "sample_key": "A2MHCX35WWRMOQ:B00804BCO6:9",
      "positive_rank": 2
    },
    {
      "sample_key": "A3JXDVDIPGLYI6:B008D9MT68:2",
      "positive_rank": null
    },
    {
      "sample_key": "A2CYV6VOL9YM0R:B003GRJ3RK:20",
      "positive_rank": 2
    },
    {
      "sample_key": "A2LIOYTH2PF9QO:B00004UFOO:2",
      "positive_rank": 4
    },
    {
      "sample_key": "AYRK0ZZNR2SMH:B001UHG6M8:2",
      "positive_rank": null
    },
    {
      "sample_key": "A8KM4YOB8FGGH:B00H5HFERA:20",
      "positive_rank": 9
    },
    {
      "sample_key": "A2QVJFVM7SJ2I7:B005NB0JNE:2",
      "positive_rank": null
    },
    {
      "sample_key": "A1U65GOEEG4L2N:B0013BA028:5",
      "positive_rank": null
    },
    {
      "sample_key": "A321O51XUI2UYU:B005A10C0W:2",
      "positive_rank": 2
    },
    {
      "sample_key": "A4SD8F79JBYG2:B002JSM3KQ:11",
      "positive_rank": 7
    },
    {
      "sample_key": "A1AOG5U92RH6GC:B003297I1U:3",
      "positive_rank": null
    },
    {
      "sample_key": "A3UV38ZCFCNI3W:B0006O8Q7Y:3",
      "positive_rank": null
    },
    {
      "sample_key": "A3T50T5Y2FHO60:B008AWFWXK:7",
      "positive_rank": 4
    },
    {
      "sample_key": "A1MOSPX2WM5PX7:B005VPRF98:2",
      "positive_rank": null
    },
    {
      "sample_key": "A27FGZZD4HYIBR:B0063NC3N0:3",
      "positive_rank": null
    },
    {
      "sample_key": "A2ES6ZUEGFUQTU:B00971HQ6Y:5",
      "positive_rank": 35
    },
    {
      "sample_key": "A2CYT9U1RJ84KT:B006O6EP5K:2",
      "positive_rank": 4
    },
    {
      "sample_key": "AZ764TQN6DC3X:B000BN8Y8G:3",
      "positive_rank": null
    },
    {
      "sample_key": "A1O816MS7MOXMR:B004PS8LEA:6",
      "positive_rank": null
    },
    {
      "sample_key": "A3R1I7PBYSH5WD:B00CEUMARA:2",
      "positive_rank": null
    },
    {
      "sample_key": "A3644XBFGBTDIA:B006R7B504:13",
      "positive_rank": null
    },
    {
      "sample_key": "AIP6MBCJ1JC1M:B00270VYV0:3",
      "positive_rank": null
    },
    {
      "sample_key": "A1WOX7A4W048GK:B003AH6MXY:3",
      "positive_rank": null
    },
    {
      "sample_key": "A15B8KRI6K9U19:B005KITK6C:2",
      "positive_rank": null
    },
    {
      "sample_key": "AP6TK94IR577S:B004S6BXNA:3",
      "positive_rank": 2
    },
    {
      "sample_key": "A23KZ0TXHGU110:B0031FKXI0:2",
      "positive_rank": 2
    },
    {
      "sample_key": "A2FK6QTW5MU07B:B00000IZYR:7",
      "positive_rank": null
    },
    {
      "sample_key": "A1A7VR4Z4HQHFJ:B000B65314:4",
      "positive_rank": 1
    },
    {
      "sample_key": "ASH0DZQQF6AIZ:B003EIK136:5",
      "positive_rank": 2
    },
    {
      "sample_key": "A2KIA7JQRIDW94:B002WJI65S:4",
      "positive_rank": 1
    },
    {
      "sample_key": "ATAGGWE8OHDJS:B00487UTVG:3",
      "positive_rank": null
    },
    {
      "sample_key": "AQZNBJ8LJ02ZX:B006691LZW:2",
      "positive_rank": 14
    },
    {
      "sample_key": "A14IN1UIXQ6CSU:B007U7M144:4",
      "positive_rank": null
    },
    {
      "sample_key": "A6879F1Z2OQVX:B002L3TS5M:3",
      "positive_rank": null
    },
    {
      "sample_key": "A2U5GU21D0HHU1:B004478GK6:11",
      "positive_rank": 1
    },
    {
      "sample_key": "A2DMBPEXS1PK3M:B008JNPBYK:2",
      "positive_rank": 1
    },
    {
      "sample_key": "A2UJRB17J48ETX:B00000IV95:2",
      "positive_rank": 41
    },
    {
      "sample_key": "AWCX0EDFH2G8K:B003UYTMNE:2",
      "positive_rank": null
    },
    {
      "sample_key": "A3UKSYPUR9QNQ5:B002PLNSRY:2",
      "positive_rank": 3
    },
    {
      "sample_key": "A3EI4K5U61UZ7:B00CKH9IIQ:14",
      "positive_rank": null
    },
    {
      "sample_key": "A2T3NM0FY01QS2:B00009VE0D:2",
      "positive_rank": null
    },
    {
      "sample_key": "A1JD8OINVTICIN:B004R2DS9C:2",
      "positive_rank": 23
    },
    {
      "sample_key": "A3ALIEK3IK3RVV:B000BNC9P0:20",
      "positive_rank": null
    },
    {
      "sample_key": "A1EX0YTKH4BEZK:B00DV254L4:2",
      "positive_rank": 1
    },
    {
      "sample_key": "A2N7UANAFQ9L5C:B0016BRD16:4",
      "positive_rank": 2
    },
    {
      "sample_key": "AVXQ2DM65JMJE:B0035Y44SC:2",
      "positive_rank": null
    },
    {
      "sample_key": "A26Q45BG5BVHIQ:B002V3RCE6:4",
      "positive_rank": 6
    },
    {
      "sample_key": "A2CWC8A4700TPR:B00C58ZQGS:2",
      "positive_rank": 1
    },
    {
      "sample_key": "AUNK2GN1VD1OD:B00CF4G7OW:13",
      "positive_rank": 1
    },
    {
      "sample_key": "A3VBGTLCWSK41Y:B0006H4AXU:5",
      "positive_rank": 1
    },
    {
      "sample_key": "A10Y9550W7Z8CG:B004UC4MMQ:3",
      "positive_rank": null
    },
    {
      "sample_key": "AKER1TQ60R70N:B00CYFFPHM:2",
      "positive_rank": 3
    }
  ],
  "cache_sha256": "dff96550d819a94de64319ef199f527cfa39dd8646b941e9b43bf06342b81a92",
  "temporary_checkpoint_sha256": "d3127d8ee0e30c6f7ac850fd252cbd36c5c7e96a8e79fd8588b8a740a89998d7",
  "temporary_checkpoint_retained": false,
  "checkpoint_reload_max_abs_diff": 0.0,
  "test_data_read": false,
  "pilot_split_created": false,
  "effect_claim_allowed": false,
  "wall_time_seconds": 31.02959656715393,
  "peak_allocated_mib": 6921.75830078125,
  "peak_reserved_mib": 15014.0
}
/home/jiangtangyunzhi/miniconda3/envs/gram-repro/lib/python3.9/site-packages/huggingface_hub/file_download.py:949: FutureWarning: `resume_download` is deprecated and will be removed in version 1.0.0. Downloads always resume when possible. If you want to force a new download, use `force_download=True`.
  warnings.warn(
/home/jiangtangyunzhi/miniconda3/envs/gram-repro/lib/python3.9/site-packages/transformers/tokenization_utils_base.py:2339: FutureWarning: The `pad_to_max_length` argument is deprecated and will be removed in a future version, use `padding=True` or `padding='longest'` to pad to the longest sequence in the batch, or use `padding='max_length'` to pad to a max length. In this case, you can give a specific length with `max_length` (e.g. `max_length=45`) or leave max_length to None to pad to the maximal input size of the model (e.g. 512 for Bert).
  warnings.warn(
{
  "material_passport": {
    "origin_skill": "academic-research-suite/experiment-agent",
    "origin_mode": "run",
    "origin_date": "2026-07-22",
    "verification_status": "ANALYZED",
    "version_label": "hbtr_b1_smoke_v1",
    "design_status": "CORRECTNESS_ONLY_WEIGHTS_DISCARDED"
  },
  "dataset": "Beauty",
  "status": "PASS",
  "samples_mined": 100,
  "valid_cache_rows": 21,
  "optimizer_steps": [
    {
      "sample_key": "A3SSBBEGNC7G07:B00HB2JQNM:4",
      "token_ce": 0.7131956219673157,
      "ranking_loss": 0.9795669317245483,
      "total_loss": 0.8111523389816284,
      "gradient_norm": 9.768637657165527,
      "margins": [
        0.10000000149011612,
        0.10000000149011612,
        0.10000000149011612,
        0.10000000149011612
      ]
    },
    {
      "sample_key": "A21WWZ5TMN7OKW:B000P1S0N8:2",
      "token_ce": 0.9221674799919128,
      "ranking_loss": 0.9777902364730835,
      "total_loss": 1.0199464559555054,
      "gradient_norm": 5.191615104675293,
      "margins": [
        0.10000000149011612,
        0.10000000149011612,
        0.10000000149011612,
        0.10000000149011612
      ]
    }
  ],
  "median_training_frequency": 7.0,
  "generation_audit": [
    {
      "sample_key": "AP6EGF9W6MCV1:B00HAQH3NY:4",
      "positive_rank": 1
    },
    {
      "sample_key": "A1972S1RPX618R:B003AUFG8S:2",
      "positive_rank": 2
    },
    {
      "sample_key": "A1SUZPMEHYUH1M:B004T19OKI:7",
      "positive_rank": null
    },
    {
      "sample_key": "AQUSPWR3QJMC1:B00008J2XQ:3",
      "positive_rank": null
    },
    {
      "sample_key": "A3SSBBEGNC7G07:B00HB2JQNM:4",
      "positive_rank": 17
    },
    {
      "sample_key": "A21WWZ5TMN7OKW:B000P1S0N8:2",
      "positive_rank": 38
    },
    {
      "sample_key": "A2UK12WUCO2BCP:B000GRENPA:4",
      "positive_rank": 44
    },
    {
      "sample_key": "A3HBRFMRD034J0:B0000535U2:3",
      "positive_rank": null
    },
    {
      "sample_key": "A2LL1GQH70X4OP:B002MZM8O2:2",
      "positive_rank": 4
    },
    {
      "sample_key": "AIY5W7D2IP3YC:B007Q22HMY:4",
      "positive_rank": 32
    },
    {
      "sample_key": "A1BUJITCCCJWSF:B002NGMENA:5",
      "positive_rank": null
    },
    {
      "sample_key": "A36FRHTLK7BOTG:B002LB75AO:2",
      "positive_rank": 24
    },
    {
      "sample_key": "A2N1DTPC1Q2CD3:B001O1EE3I:5",
      "positive_rank": 19
    },
    {
      "sample_key": "A1ZZR25X0CNOJX:B00GJG9JBA:17",
      "positive_rank": 42
    },
    {
      "sample_key": "A2RSRC4YPGPUWB:B003A874R6:4",
      "positive_rank": null
    },
    {
      "sample_key": "A2PM237WBW0XHB:B003J48F3I:3",
      "positive_rank": null
    },
    {
      "sample_key": "A2YO7Q1ABS2533:B004QRX6U4:2",
      "positive_rank": 1
    },
    {
      "sample_key": "A1BZHQ8C4F0M3T:B0068DF82S:4",
      "positive_rank": 2
    },
    {
      "sample_key": "A2Q8B7XGHVIZZ5:B004FUUMJK:2",
      "positive_rank": null
    },
    {
      "sample_key": "A3Q31FES48PW9R:B004OGB21M:6",
      "positive_rank": 6
    },
    {
      "sample_key": "A3NIHT635YMNBC:B002CKYZMK:2",
      "positive_rank": null
    },
    {
      "sample_key": "A3AVX64ZEQ4HPS:B002U774PK:2",
      "positive_rank": 1
    },
    {
      "sample_key": "A1K7EOO95TISWL:B006Z96OI2:3",
      "positive_rank": null
    },
    {
      "sample_key": "AW07FS2LSDP3Y:B00ARTK9NW:4",
      "positive_rank": 1
    },
    {
      "sample_key": "AN1RE3C9PDLOA:B006HKAC6O:4",
      "positive_rank": 1
    },
    {
      "sample_key": "A12HF3UBDV34RR:B001H928HQ:9",
      "positive_rank": 49
    },
    {
      "sample_key": "A1AG6U022WHXBF:B00JZVMTOU:2",
      "positive_rank": 4
    },
    {
      "sample_key": "ALBTSBZP2XAVZ:B000OYHN2K:2",
      "positive_rank": null
    },
    {
      "sample_key": "A175WOXLHJ9N5G:B001JQLNMS:8",
      "positive_rank": null
    },
    {
      "sample_key": "A3RGHO0Q938FRS:B002TSA916:2",
      "positive_rank": 12
    },
    {
      "sample_key": "A2WHIK6A91JP8I:B008VSJFQ8:4",
      "positive_rank": 1
    },
    {
      "sample_key": "A3QJKD3N7MQ2TD:B000WYZ9Q4:5",
      "positive_rank": 28
    },
    {
      "sample_key": "A13WEKTB63G78Y:B00EYZY5VC:14",
      "positive_rank": 2
    },
    {
      "sample_key": "A3M8RIPRMS0L6R:B0039UT9QE:9",
      "positive_rank": 7
    },
    {
      "sample_key": "A1W5AVGSCRD8NL:B0007W1R58:3",
      "positive_rank": 2
    },
    {
      "sample_key": "A36ZQA798E22JG:B00IFVHJBO:2",
      "positive_rank": 6
    },
    {
      "sample_key": "A2EDUDEQBTGQY4:B008GRDTPW:2",
      "positive_rank": null
    },
    {
      "sample_key": "ARG3JQBLBLN1J:B0042GH78G:5",
      "positive_rank": null
    },
    {
      "sample_key": "A1T8KV4XK2LJ:B000052ZBH:6",
      "positive_rank": null
    },
    {
      "sample_key": "A3JOWTN8J6DLNX:B004IVM0EG:5",
      "positive_rank": null
    },
    {
      "sample_key": "AFJFINIKFOFSB:B006WQBZ96:7",
      "positive_rank": 2
    },
    {
      "sample_key": "A175N19FS2B4J:B004BYSOYK:15",
      "positive_rank": null
    },
    {
      "sample_key": "A2TASFGGMEUH2K:B009P4ZJXK:2",
      "positive_rank": null
    },
    {
      "sample_key": "A20GIKYR0OT9KY:B000ZMBSPE:2",
      "positive_rank": 8
    },
    {
      "sample_key": "A3N4VTNFPMTHEF:B000FLJQTA:3",
      "positive_rank": 1
    },
    {
      "sample_key": "A3RAJ41UOEE5XH:B001MA0QY2:4",
      "positive_rank": 23
    },
    {
      "sample_key": "AQYYUN3T7B0WM:B00A0IWTBA:2",
      "positive_rank": 19
    },
    {
      "sample_key": "A34L89O3Q8UEC6:B001IAINFU:6",
      "positive_rank": null
    },
    {
      "sample_key": "AHNFX5HSE6BI3:B006Z8B5HS:5",
      "positive_rank": 9
    },
    {
      "sample_key": "A3TBMCDFAAJAN8:B00014GT78:2",
      "positive_rank": null
    },
    {
      "sample_key": "A28HQEXXFWCTOR:B006IOYZ4E:2",
      "positive_rank": 2
    },
    {
      "sample_key": "A9N43A4VL9OET:B0090UJFYI:4",
      "positive_rank": 8
    },
    {
      "sample_key": "A2K6O4P683P2OQ:B0036OJEFO:3",
      "positive_rank": null
    },
    {
      "sample_key": "A1MQX1OCJWC9AE:B000PU70WG:3",
      "positive_rank": null
    },
    {
      "sample_key": "A2GXYO0DG83MV7:B001DOA73C:3",
      "positive_rank": null
    },
    {
      "sample_key": "A3G78MIYEFPHEC:B001965UU4:2",
      "positive_rank": 1
    },
    {
      "sample_key": "A1J7GMSVITTLFA:B00ILH0IE2:19",
      "positive_rank": 17
    },
    {
      "sample_key": "AVY406XUHAN72:B000V70MWS:20",
      "positive_rank": null
    },
    {
      "sample_key": "A863RE8D6632X:B00459ZRRS:2",
      "positive_rank": 2
    },
    {
      "sample_key": "A25T93TEE4QZ90:B0036QQWAC:4",
      "positive_rank": 14
    },
    {
      "sample_key": "A90JGGI493HNG:B001ARUX8G:3",
      "positive_rank": 27
    },
    {
      "sample_key": "A35XCDCJI7WT4L:B000KVH1QU:6",
      "positive_rank": 30
    },
    {
      "sample_key": "A3QSM5XHPL1T6Y:B00AE07CT8:4",
      "positive_rank": 27
    },
    {
      "sample_key": "A22IWQH4RIURL2:B009D9O6YA:5",
      "positive_rank": null
    },
    {
      "sample_key": "A3KIOMRFJL9YGB:B00014DKKC:3",
      "positive_rank": 23
    },
    {
      "sample_key": "AH3FLTETVCKXX:B004M2Y7RY:2",
      "positive_rank": null
    },
    {
      "sample_key": "ARHUZ3VKP325E:B00GNAA2J0:5",
      "positive_rank": null
    },
    {
      "sample_key": "A3VNA0SL5XVZO9:B00021DPHW:2",
      "positive_rank": null
    },
    {
      "sample_key": "A30IP88QK3YUIO:B003TXO7XQ:7",
      "positive_rank": null
    },
    {
      "sample_key": "A2YDJ928L04Q1C:B008B91H0E:10",
      "positive_rank": null
    },
    {
      "sample_key": "ATQJGEZNPHDVO:B005XIM6J2:2",
      "positive_rank": null
    },
    {
      "sample_key": "A1KVIG0J3ZQL4P:B00GW1HKHW:4",
      "positive_rank": null
    },
    {
      "sample_key": "A26T1GJ42MUR14:B000I5MJ8S:2",
      "positive_rank": null
    },
    {
      "sample_key": "A3GH0HHTSFQ4V2:B004MBJKRC:2",
      "positive_rank": 6
    },
    {
      "sample_key": "A3EUSH8DPW75LR:B00HSNWXV6:9",
      "positive_rank": 19
    },
    {
      "sample_key": "A8KM4YOB8FGGH:B0072XRJ20:3",
      "positive_rank": 2
    },
    {
      "sample_key": "A1268BAXWZ5VLY:B002L5WFT6:5",
      "positive_rank": 1
    },
    {
      "sample_key": "A1W9IQ0B8IQRVR:B004LUZ956:3",
      "positive_rank": null
    },
    {
      "sample_key": "A2QVJFVM7SJ2I7:B003OGT4KE:6",
      "positive_rank": null
    },
    {
      "sample_key": "A25SDXZ0X8IF1B:B008K1GA82:5",
      "positive_rank": 10
    },
    {
      "sample_key": "A1ENCSD5V7QNL7:B001BODO2A:10",
      "positive_rank": null
    },
    {
      "sample_key": "A1C74SFQ5UMHLS:B00F5KDVDS:4",
      "positive_rank": 2
    },
    {
      "sample_key": "A26156XXOY682A:B003RF82RI:5",
      "positive_rank": null
    },
    {
      "sample_key": "ARYSDAZNRXN6G:B00FRDPNA2:20",
      "positive_rank": 13
    },
    {
      "sample_key": "A4SD8F79JBYG2:B007RTR8UW:4",
      "positive_rank": 1
    },
    {
      "sample_key": "AIRXOHCFW35WU:B007M6CTW2:6",
      "positive_rank": null
    },
    {
      "sample_key": "A1ZXEVTNNDKJ61:B000F0QCWA:11",
      "positive_rank": 22
    },
    {
      "sample_key": "A1R9XZVXTTAAX7:B000G8LWZI:6",
      "positive_rank": null
    },
    {
      "sample_key": "A3RRHVKXGYIIO7:B006L2137A:2",
      "positive_rank": null
    },
    {
      "sample_key": "A1LXKDXGMZ0Z94:B003Y04OK0:6",
      "positive_rank": 1
    },
    {
      "sample_key": "A35V906GNOVU3L:B0012KG0YC:2",
      "positive_rank": 1
    },
    {
      "sample_key": "A3T50T5Y2FHO60:B000JI9JYQ:3",
      "positive_rank": null
    },
    {
      "sample_key": "A3QTZ8OHWM4WNN:B003CHMS4O:4",
      "positive_rank": null
    },
    {
      "sample_key": "A89J8B7ZJCQQZ:B00FUV7JAI:3",
      "positive_rank": null
    },
    {
      "sample_key": "A3AXQHCRNLNNQJ:B005MMCAX6:5",
      "positive_rank": null
    },
    {
      "sample_key": "A15LQ43YQA8II7:B003ODETES:2",
      "positive_rank": null
    },
    {
      "sample_key": "A32LK1DS4CNCFB:B0013CSGBE:8",
      "positive_rank": null
    },
    {
      "sample_key": "A2FRD8303BPYRC:B003HFSZ3Y:5",
      "positive_rank": null
    },
    {
      "sample_key": "A3V0YM2XXOEKIJ:B005SJSQIG:4",
      "positive_rank": null
    },
    {
      "sample_key": "AN8SOD4WPVJ25:B0027VCNGO:2",
      "positive_rank": 1
    }
  ],
  "cache_sha256": "a8c449fb4fe9acee9f199fb6cf402cffc819d238e48236fa5e30e3f070043904",
  "temporary_checkpoint_sha256": "5673b98cc5be4cccec17464f3ead9a983ab71cf8eb0b5c1c8253ea2046893218",
  "temporary_checkpoint_retained": false,
  "checkpoint_reload_max_abs_diff": 0.0,
  "test_data_read": false,
  "pilot_split_created": false,
  "effect_claim_allowed": false,
  "wall_time_seconds": 34.43518567085266,
  "peak_allocated_mib": 6952.8193359375,
  "peak_reserved_mib": 18064.0
}
started tmux session codellama on physical GPU 3
status: /home/jiangtangyunzhi/projects/UnitTest/tools/run_codellama.sh status
stop:   /home/jiangtangyunzhi/projects/UnitTest/tools/run_codellama.sh stop
