2026-08-05 19:47:02,063 - root - INFO - {'id_epochs': 0, 'save_id_epochs': 1, 'id_batch_size': 4, 'id_model_path': None, 'id_lr': 0.001, 'alt_style': 'rec_first', 'test_epoch_id': 1, 'rounds': 1, 'tasks': 'sequential', 'prompt_file': '../prompt.txt', 'valid_prompt': 'seen:0', 'valid_prompt_sample': 1, 'valid_sample_num': '1', 'test_prompt': 'seen:0', 'sample_prompt': 1, 'sample_num': '1', 'batch_size': 32, 'eval_batch_size': 1, 'dist_sampler': 0, 'seed': 2023, 'model_name': 'model.pt', 'log_dir': '/mnt/18T/jiangtangyunzhi/projects/recomm/artifacts/phase12/hi_gram/beauty_v1/gram_logs', 'distributed': 0, 'gpu': '0', 'master_addr': 'localhost', 'master_port': '12345', 'logging_level': 20, 'resource_metrics': 1, 'rec_epochs': 30, 'save_rec_epochs': 5, 'rec_batch_size': 16, 'rec_model_path': None, 'rec_lr': 0.001, 'test_epoch_rec': 5, 'data_path': '../rec_datasets', 'datasets': 'Beauty', 'max_his': 20, 'his_sep': ' ; ', 'skip_empty_his': 1, 'reverse_history': 1, 'valid_by_test': 0, 'test_by_valid': 0, 'debug_train_100': 0, 'debug_test_100': 0, 'debug_test_on_train': 0, 'verbose_input_output': 0, 'save_predictions': 1, 'prediction_dir': '/mnt/18T/jiangtangyunzhi/projects/recomm/artifacts/phase12/hi_gram/beauty_v1/predictions', 'debug_test_small_set': 0, 'item_id_path': '', 'user_id_without_target_item': 1, 'clip': 1, 'warmup_prop': 0.05, 'gradient_accumulation_steps': 8, 'weight_decay': 0.01, 'adam_eps': 1e-06, 'train': 1, 'backbone': 't5-small', 'metrics': 'hit@1,hit@3,hit@5,hit@10,hit@20,hit@50,ndcg@1,ndcg@3,ndcg@5,ndcg@10,ndcg@20,ndcg@50', 'beam_size': 50, 'length_penalty': 1.0, 'use_position_embedding': 1, 'item_prompt': 'all_text', 'cf_model': 'sasrec', 'top_k_similar_item': 10, 'item_prompt_max_len': 128, 'target_max_len': 32, 'hierarchical_id_type': 'hierarchy_v1_c128_l7_len32768_split', 'item_id_type': 'split', 'id_linking': 1, 'cf0_arm': 'A', 'cf0_phase9': 0, 'cf0_num_layers': 2, 'cf0_num_heads': 4, 'cf0_dropout': 0.1, 'cf0_loss_weight': 0.1, 'cf0_lr': 0.001, 'cf0_injection_scale': 0.1, 'cf0_joint_score_weight': 0.25, 'cf0_pretrain_epochs': 1, 'cf0_unfreeze_top_layers': 2, 'hi_gram_enabled': 1, 'hi_gram_local_window': 5, 'hi_gram_local_layers': 2, 'hi_gram_global_layers': 2, 'hi_gram_num_heads': 4, 'hi_gram_dropout': 0.1, 'hi_gram_fusion_scale_init': 0.1, 'hi_gram_include_user_prompt': 0, 'log_name': '0_1_1_20_12345_Beauty_sequential_t5-small_32_1_prompt', 'full_log_dir': '/mnt/18T/jiangtangyunzhi/projects/recomm/artifacts/phase12/hi_gram/beauty_v1/gram_logs/Beauty/0_20260805_1947', 'model_path': '/mnt/18T/jiangtangyunzhi/projects/recomm/artifacts/phase12/hi_gram/beauty_v1/gram_logs/Beauty/0_20260805_1947/id_0_rec_30', 'rank': 0}
2026-08-05 19:47:02,190 - root - INFO - Use t5-small backbone model
2026-08-05 19:47:12,633 - root - INFO - Generating data for Beauty dataset
2026-08-05 19:47:12,633 - root - INFO - Reindex data with generative indexing method
2026-08-05 19:47:12,799 - root - INFO - loading training data
2026-08-05 19:47:14,422 - root - INFO - Generating data for Beauty dataset
2026-08-05 19:47:14,422 - root - INFO - Reindex data with generative indexing method
2026-08-05 19:47:14,565 - root - INFO - loading training data
2026-08-05 19:47:16,344 - root - INFO - Building Optimizer and Scheduler
2026-08-05 19:47:16,344 - root - INFO - Batch per epoch id: 32854
2026-08-05 19:47:16,345 - root - INFO - Warmup proportion: 0.05
2026-08-05 19:47:16,345 - root - INFO - Total id generator steps: 0
2026-08-05 19:47:16,345 - root - INFO - Warm up id generator steps: 0
2026-08-05 19:47:16,345 - root - INFO - Batch per epoch rec: 8214
2026-08-05 19:47:16,345 - root - INFO - Warmup proportion: 0.05
2026-08-05 19:47:16,345 - root - INFO - Total rec generator steps: 30780
2026-08-05 19:47:16,345 - root - INFO - Warm up rec generator steps: 1539
2026-08-05 19:47:16,349 - root - INFO - Building Optimizer AdamW
2026-08-05 19:47:17,094 - root - INFO - Start training
2026-08-05 19:47:17,096 - root - INFO - Training Recommender phase 1
2026-08-05 19:47:17,099 - root - INFO - Start training recommender for phase 1, epoch 1
2026-08-05 20:48:28,285 - root - INFO - The average training loss for rec phase 1 epoch 1 is nan
2026-08-05 20:48:28,287 - root - INFO - Start training recommender for phase 1, epoch 2
2026-08-05 21:48:53,397 - root - INFO - The average training loss for rec phase 1 epoch 2 is nan
2026-08-05 21:48:53,399 - root - INFO - Start training recommender for phase 1, epoch 3
2026-08-05 22:48:46,845 - root - INFO - The average training loss for rec phase 1 epoch 3 is nan
2026-08-05 22:48:46,846 - root - INFO - Start training recommender for phase 1, epoch 4
2026-08-05 23:48:13,068 - root - INFO - The average training loss for rec phase 1 epoch 4 is nan
2026-08-05 23:48:13,069 - root - INFO - Start training recommender for phase 1, epoch 5
2026-08-06 00:48:00,839 - root - INFO - The average training loss for rec phase 1 epoch 5 is nan
2026-08-06 00:48:02,201 - root - INFO - Save the current rec model to /mnt/18T/jiangtangyunzhi/projects/recomm/artifacts/phase12/hi_gram/beauty_v1/gram_logs/Beauty/0_20260805_1947/id_0_rec_30/scheduler_rec_phase_1_epoch_5.pt
2026-08-06 00:48:03,233 - root - INFO - [validation] testing Beauty dataset on sequential task
2026-08-06 02:00:33,460 - root - INFO - 
-------------------------------
2026-08-06 02:00:33,460 - root - INFO - [GT] shadowoulage profession 10,000 colour cam || [top-1] ( || [hits@10] 0.0
[GT] shadowoulage profession 10,000 colour cam || [top-1] ( || [hits@10] 0.0
[GT] air sponge curl method sleep moon strawberry || [top-1] ( || [hits@10] 0.0
[GT] shadowoulage profession 10,000 colour cam || [top-1] ( || [hits@10] 0.0
[GT] lashesshop nice extensionlash stainlessator || [top-1] ( || [hits@10] 0.0
[GT] cream sakebrewed rigid foodachgre || [top-1] ( || [hits@10] 0.0
[GT] brushes2.5 baginchfold fibre86 || [top-1] ( || [hits@10] 0.0
[GT] shadowoulage profession 10,000 colour cam || [top-1] ( || [hits@10] 0.0
[GT] peel glyco lunch offices heardnow obsession || [top-1] ( || [hits@10] 0.0

2026-08-06 02:00:33,460 - root - INFO - validation hit@1: 0.0
2026-08-06 02:00:33,460 - root - INFO - validation hit@3: 0.0
2026-08-06 02:00:33,460 - root - INFO - validation hit@5: 0.0
2026-08-06 02:00:33,460 - root - INFO - validation hit@10: 0.0
2026-08-06 02:00:33,461 - root - INFO - validation hit@20: 0.0
2026-08-06 02:00:33,461 - root - INFO - validation hit@50: 0.0
2026-08-06 02:00:33,461 - root - INFO - validation ndcg@1: 0.0
2026-08-06 02:00:33,461 - root - INFO - validation ndcg@3: 0.0
2026-08-06 02:00:33,461 - root - INFO - validation ndcg@5: 0.0
2026-08-06 02:00:33,461 - root - INFO - validation ndcg@10: 0.0
2026-08-06 02:00:33,461 - root - INFO - validation ndcg@20: 0.0
2026-08-06 02:00:33,461 - root - INFO - validation ndcg@50: 0.0
2026-08-06 02:00:33,461 - root - INFO - Total inference time: 4038.15s for 22363 samples. Average: 0.1806s
2026-08-06 02:00:33,461 - root - INFO - >> preds saved to /mnt/18T/jiangtangyunzhi/projects/recomm/artifacts/phase12/hi_gram/beauty_v1/predictions/20260806_004803_Beauty_sequential_pred_validation.tsv
2026-08-06 02:00:33,477 - root - INFO - Start training recommender for phase 1, epoch 6
2026-08-06 03:03:18,896 - root - INFO - The average training loss for rec phase 1 epoch 6 is nan
2026-08-06 03:03:18,898 - root - INFO - Start training recommender for phase 1, epoch 7
2026-08-06 04:05:42,084 - root - INFO - The average training loss for rec phase 1 epoch 7 is nan
2026-08-06 04:05:42,085 - root - INFO - Start training recommender for phase 1, epoch 8
2026-08-06 05:06:39,174 - root - INFO - The average training loss for rec phase 1 epoch 8 is nan
2026-08-06 05:06:39,176 - root - INFO - Start training recommender for phase 1, epoch 9
2026-08-06 06:07:44,071 - root - INFO - The average training loss for rec phase 1 epoch 9 is nan
2026-08-06 06:07:44,073 - root - INFO - Start training recommender for phase 1, epoch 10
2026-08-06 07:08:52,854 - root - INFO - The average training loss for rec phase 1 epoch 10 is nan
2026-08-06 07:08:54,193 - root - INFO - Save the current rec model to /mnt/18T/jiangtangyunzhi/projects/recomm/artifacts/phase12/hi_gram/beauty_v1/gram_logs/Beauty/0_20260805_1947/id_0_rec_30/scheduler_rec_phase_1_epoch_10.pt
2026-08-06 07:08:55,254 - root - INFO - [validation] testing Beauty dataset on sequential task
2026-08-06 08:21:11,157 - root - INFO - 
-------------------------------
2026-08-06 08:21:11,157 - root - INFO - [GT] shadowoulage profession 10,000 colour cam || [top-1] ( || [hits@10] 0.0
[GT] shadowoulage profession 10,000 colour cam || [top-1] ( || [hits@10] 0.0
[GT] air sponge curl method sleep moon strawberry || [top-1] ( || [hits@10] 0.0
[GT] shadowoulage profession 10,000 colour cam || [top-1] ( || [hits@10] 0.0
[GT] lashesshop nice extensionlash stainlessator || [top-1] ( || [hits@10] 0.0
[GT] cream sakebrewed rigid foodachgre || [top-1] ( || [hits@10] 0.0
[GT] brushes2.5 baginchfold fibre86 || [top-1] ( || [hits@10] 0.0
[GT] shadowoulage profession 10,000 colour cam || [top-1] ( || [hits@10] 0.0
[GT] peel glyco lunch offices heardnow obsession || [top-1] ( || [hits@10] 0.0

2026-08-06 08:21:11,157 - root - INFO - validation hit@1: 0.0
2026-08-06 08:21:11,157 - root - INFO - validation hit@3: 0.0
2026-08-06 08:21:11,157 - root - INFO - validation hit@5: 0.0
2026-08-06 08:21:11,157 - root - INFO - validation hit@10: 0.0
2026-08-06 08:21:11,158 - root - INFO - validation hit@20: 0.0
2026-08-06 08:21:11,158 - root - INFO - validation hit@50: 0.0
2026-08-06 08:21:11,158 - root - INFO - validation ndcg@1: 0.0
2026-08-06 08:21:11,158 - root - INFO - validation ndcg@3: 0.0
2026-08-06 08:21:11,158 - root - INFO - validation ndcg@5: 0.0
2026-08-06 08:21:11,158 - root - INFO - validation ndcg@10: 0.0
2026-08-06 08:21:11,158 - root - INFO - validation ndcg@20: 0.0
2026-08-06 08:21:11,158 - root - INFO - validation ndcg@50: 0.0
2026-08-06 08:21:11,158 - root - INFO - Total inference time: 4023.68s for 22363 samples. Average: 0.1799s
2026-08-06 08:21:11,158 - root - INFO - >> preds saved to /mnt/18T/jiangtangyunzhi/projects/recomm/artifacts/phase12/hi_gram/beauty_v1/predictions/20260806_070855_Beauty_sequential_pred_validation.tsv
2026-08-06 08:21:11,174 - root - INFO - Start training recommender for phase 1, epoch 11
2026-08-06 09:22:19,268 - root - INFO - The average training loss for rec phase 1 epoch 11 is nan
2026-08-06 09:22:19,270 - root - INFO - Start training recommender for phase 1, epoch 12
2026-08-06 10:22:44,287 - root - INFO - The average training loss for rec phase 1 epoch 12 is nan
2026-08-06 10:22:44,289 - root - INFO - Start training recommender for phase 1, epoch 13
2026-08-06 11:23:06,477 - root - INFO - The average training loss for rec phase 1 epoch 13 is nan
2026-08-06 11:23:06,478 - root - INFO - Start training recommender for phase 1, epoch 14
2026-08-06 12:23:12,493 - root - INFO - The average training loss for rec phase 1 epoch 14 is nan
2026-08-06 12:23:12,494 - root - INFO - Start training recommender for phase 1, epoch 15
2026-08-06 13:23:21,118 - root - INFO - The average training loss for rec phase 1 epoch 15 is nan
2026-08-06 13:23:22,454 - root - INFO - Save the current rec model to /mnt/18T/jiangtangyunzhi/projects/recomm/artifacts/phase12/hi_gram/beauty_v1/gram_logs/Beauty/0_20260805_1947/id_0_rec_30/scheduler_rec_phase_1_epoch_15.pt
2026-08-06 13:23:22,846 - root - INFO - [validation] testing Beauty dataset on sequential task
2026-08-06 14:34:46,356 - root - INFO - 
-------------------------------
2026-08-06 14:34:46,356 - root - INFO - [GT] shadowoulage profession 10,000 colour cam || [top-1] ( || [hits@10] 0.0
[GT] shadowoulage profession 10,000 colour cam || [top-1] ( || [hits@10] 0.0
[GT] air sponge curl method sleep moon strawberry || [top-1] ( || [hits@10] 0.0
[GT] shadowoulage profession 10,000 colour cam || [top-1] ( || [hits@10] 0.0
[GT] lashesshop nice extensionlash stainlessator || [top-1] ( || [hits@10] 0.0
[GT] cream sakebrewed rigid foodachgre || [top-1] ( || [hits@10] 0.0
[GT] brushes2.5 baginchfold fibre86 || [top-1] ( || [hits@10] 0.0
[GT] shadowoulage profession 10,000 colour cam || [top-1] ( || [hits@10] 0.0
[GT] peel glyco lunch offices heardnow obsession || [top-1] ( || [hits@10] 0.0

2026-08-06 14:34:46,356 - root - INFO - validation hit@1: 0.0
2026-08-06 14:34:46,356 - root - INFO - validation hit@3: 0.0
2026-08-06 14:34:46,357 - root - INFO - validation hit@5: 0.0
2026-08-06 14:34:46,357 - root - INFO - validation hit@10: 0.0
2026-08-06 14:34:46,357 - root - INFO - validation hit@20: 0.0
2026-08-06 14:34:46,357 - root - INFO - validation hit@50: 0.0
2026-08-06 14:34:46,357 - root - INFO - validation ndcg@1: 0.0
2026-08-06 14:34:46,357 - root - INFO - validation ndcg@3: 0.0
2026-08-06 14:34:46,357 - root - INFO - validation ndcg@5: 0.0
2026-08-06 14:34:46,357 - root - INFO - validation ndcg@10: 0.0
2026-08-06 14:34:46,357 - root - INFO - validation ndcg@20: 0.0
2026-08-06 14:34:46,357 - root - INFO - validation ndcg@50: 0.0
2026-08-06 14:34:46,357 - root - INFO - Total inference time: 3977.67s for 22363 samples. Average: 0.1779s
2026-08-06 14:34:46,357 - root - INFO - >> preds saved to /mnt/18T/jiangtangyunzhi/projects/recomm/artifacts/phase12/hi_gram/beauty_v1/predictions/20260806_132322_Beauty_sequential_pred_validation.tsv
2026-08-06 14:34:46,373 - root - INFO - Start training recommender for phase 1, epoch 16
2026-08-06 15:33:53,392 - root - INFO - The average training loss for rec phase 1 epoch 16 is nan
2026-08-06 15:33:53,394 - root - INFO - Start training recommender for phase 1, epoch 17
2026-08-06 16:32:50,759 - root - INFO - The average training loss for rec phase 1 epoch 17 is nan
2026-08-06 16:32:50,760 - root - INFO - Start training recommender for phase 1, epoch 18
